exports[`test NotFound matches snapshot 1`] = `
<h1>
  404.. This page is not found! :(
</h1>
`;
