exports[`test SCTable matches snapshot 1`] = `
<table
  className="scTable">
  <tbody>
    <tr>
      <td>
        Test
      </td>
    </tr>
  </tbody>
</table>
`;
